current directory: /home/ubuntu/environment/movie-compass/vendor/bundle/ruby/3.3.0/gems/puma-8.0.2/ext/puma_http11
/usr/bin/ruby3.3 -I/usr/lib/ruby/vendor_ruby extconf.rb
checking for pkg-config for openssl... not found
checking for BIO_read() in -llibcrypto... no
checking for BIO_read() in -lcrypto... no
checking for BIO_read() in -llibeay32... no
** Puma will be compiled without SSL support
creating Makefile

current directory: /home/ubuntu/environment/movie-compass/vendor/bundle/ruby/3.3.0/gems/puma-8.0.2/ext/puma_http11
make DESTDIR\= sitearchdir\=./.gem.20260803-22150-f8gt3z sitelibdir\=./.gem.20260803-22150-f8gt3z clean

current directory: /home/ubuntu/environment/movie-compass/vendor/bundle/ruby/3.3.0/gems/puma-8.0.2/ext/puma_http11
make DESTDIR\= sitearchdir\=./.gem.20260803-22150-f8gt3z sitelibdir\=./.gem.20260803-22150-f8gt3z
compiling http11_parser.c
compiling mini_ssl.c
compiling puma_http11.c
linking shared-object puma/puma_http11.so

current directory: /home/ubuntu/environment/movie-compass/vendor/bundle/ruby/3.3.0/gems/puma-8.0.2/ext/puma_http11
make DESTDIR\= sitearchdir\=./.gem.20260803-22150-f8gt3z sitelibdir\=./.gem.20260803-22150-f8gt3z install
/usr/bin/install -c -m 0755 puma_http11.so ./.gem.20260803-22150-f8gt3z/puma

current directory: /home/ubuntu/environment/movie-compass/vendor/bundle/ruby/3.3.0/gems/puma-8.0.2/ext/puma_http11
make DESTDIR\= sitearchdir\=./.gem.20260803-22150-f8gt3z sitelibdir\=./.gem.20260803-22150-f8gt3z clean
