current directory: /home/ubuntu/environment/movie-compass/vendor/bundle/ruby/3.3.0/gems/date-3.5.1/ext/date
/usr/bin/ruby3.3 -I/usr/lib/ruby/vendor_ruby extconf.rb
checking for rb_category_warn()... yes
checking for timezone in time.h with  -Werror... yes
checking for altzone in time.h with  -Werror... no
creating Makefile

current directory: /home/ubuntu/environment/movie-compass/vendor/bundle/ruby/3.3.0/gems/date-3.5.1/ext/date
make DESTDIR\= sitearchdir\=./.gem.20260803-22150-h28yku sitelibdir\=./.gem.20260803-22150-h28yku clean

current directory: /home/ubuntu/environment/movie-compass/vendor/bundle/ruby/3.3.0/gems/date-3.5.1/ext/date
make DESTDIR\= sitearchdir\=./.gem.20260803-22150-h28yku sitelibdir\=./.gem.20260803-22150-h28yku
compiling date_core.c
compiling date_parse.c
compiling date_strftime.c
compiling date_strptime.c
linking shared-object date_core.so

current directory: /home/ubuntu/environment/movie-compass/vendor/bundle/ruby/3.3.0/gems/date-3.5.1/ext/date
make DESTDIR\= sitearchdir\=./.gem.20260803-22150-h28yku sitelibdir\=./.gem.20260803-22150-h28yku install
/usr/bin/install -c -m 0755 date_core.so ./.gem.20260803-22150-h28yku

current directory: /home/ubuntu/environment/movie-compass/vendor/bundle/ruby/3.3.0/gems/date-3.5.1/ext/date
make DESTDIR\= sitearchdir\=./.gem.20260803-22150-h28yku sitelibdir\=./.gem.20260803-22150-h28yku clean
