current directory: /home/ubuntu/environment/movie-compass/vendor/bundle/ruby/3.3.0/gems/rbs-4.1.2/ext/rbs_extension
/usr/bin/ruby3.3 -I/usr/lib/ruby/vendor_ruby extconf.rb
checking for whether -std=gnu99 is accepted as CFLAGS... yes
checking for whether -Wimplicit-fallthrough is accepted as CFLAGS... yes
checking for whether -Wunused-result is accepted as CFLAGS... yes
checking for whether -Wc++-compat is accepted as CFLAGS... no
checking for whether -Wnullable-to-nonnull-conversion is accepted as CFLAGS... no
checking for whether -DNDEBUG is accepted as CFLAGS... yes
creating Makefile

current directory: /home/ubuntu/environment/movie-compass/vendor/bundle/ruby/3.3.0/gems/rbs-4.1.2/ext/rbs_extension
make DESTDIR\= sitearchdir\=./.gem.20260803-22150-ruhrnt sitelibdir\=./.gem.20260803-22150-ruhrnt clean

current directory: /home/ubuntu/environment/movie-compass/vendor/bundle/ruby/3.3.0/gems/rbs-4.1.2/ext/rbs_extension
make DESTDIR\= sitearchdir\=./.gem.20260803-22150-ruhrnt sitelibdir\=./.gem.20260803-22150-ruhrnt
compiling ./../../src/ast.c
compiling ast_translation.c
compiling class_constants.c
compiling legacy_location.c
compiling ./../../src/lexer.c
compiling ./../../src/lexstate.c
compiling ./../../src/location.c
compiling main.c
compiling ./../../src/parser.c
compiling ./../../src/util/rbs_allocator.c
compiling ./../../src/util/rbs_assert.c
compiling ./../../src/util/rbs_buffer.c
compiling ./../../src/util/rbs_constant_pool.c
compiling ./../../src/util/rbs_encoding.c
compiling rbs_string_bridging.c
compiling ./../../src/util/rbs_unescape.c
compiling ./../../src/serialize.c
compiling ./../../src/string.c
linking shared-object rbs_extension.so

current directory: /home/ubuntu/environment/movie-compass/vendor/bundle/ruby/3.3.0/gems/rbs-4.1.2/ext/rbs_extension
make DESTDIR\= sitearchdir\=./.gem.20260803-22150-ruhrnt sitelibdir\=./.gem.20260803-22150-ruhrnt install
/usr/bin/install -c -m 0755 rbs_extension.so ./.gem.20260803-22150-ruhrnt

current directory: /home/ubuntu/environment/movie-compass/vendor/bundle/ruby/3.3.0/gems/rbs-4.1.2/ext/rbs_extension
make DESTDIR\= sitearchdir\=./.gem.20260803-22150-ruhrnt sitelibdir\=./.gem.20260803-22150-ruhrnt clean
